{"ok":true,"envelope_version":1,"result":{"kind":"records","records":[{"capture_marker":"synthetic"}]},"context":{"total":1,"verb":"query","resource":"dt.davis.problems","decided":"inline","threshold_bytes":51200,"measured_bytes":46,"measured_encoding":"json"},"metadata":{"query":"fetch dt.davis.problems, from:toTimestamp(\"2026-06-14T09:00:00.000Z\"), to:toTimestamp(\"2026-06-14T10:00:00.000Z\")","analysisTimeframe":{"start":"2026-06-14T03:00:00Z","end":"2026-06-14T10:00:00Z"}}}
