{"ok":true,"envelope_version":1,"result":{"kind":"records","records":[{"clock":"clock","effective":"effective","interval":"interval","replay":"replay","session":"session","virtual":"virtual"}]},"context":{"total":1,"verb":"query","resource":"dt.davis.problems","decided":"inline","threshold_bytes":51200,"measured_bytes":167,"measured_encoding":"json"},"metadata":{"query":"fetch dt.davis.problems, from:toTimestamp(\"2026-06-14T09:00:00.000Z\"), to:toTimestamp(\"2026-06-14T10:00:00.000Z\")","canonicalQuery":"fetch dt.davis.problems, from:toTimestamp(\"2026-06-14T09:00:00.000Z\"), to:toTimestamp(\"2026-06-14T10:00:00.000Z\")"}}
