{"ok":false,"result":null,"error":{"code":"replay_guard_blocked","message":"command \"ctx token\" is not available while context \"historical-window\" is configured for replay; leave with 'dtctl ctx \u003cname\u003e', select one invocation with '--context \u003cname\u003e', or set DTCTL_CONTEXT=\u003cname\u003e","suggestions":["switch to an existing context with: dtctl ctx \u003cname\u003e","select a context for one invocation with: dtctl --context \u003cname\u003e ...","or set DTCTL_CONTEXT=\u003cname\u003e for the invocation"]}}
