{
  "kind": "result-file",
  "path": "/synthetic/q-davis.jsonl",
  "query": "fetch dt.davis.problems, from:toTimestamp(\"2026-06-14T09:00:00.000Z\"), to:toTimestamp(\"2026-06-14T10:00:00.000Z\")",
  "effective_query": "fetch dt.davis.problems.snapshots, from:toTimestamp(\"2026-06-14T08:00:00.000000000Z\"), to:toTimestamp(\"2026-06-14T10:00:00.000000000Z\")\n| sort timestamp desc\n| dedup event.id\n| filter event.start \u003c toTimestamp(\"2026-06-14T10:00:00.000000000Z\") and coalesce(event.end, toTimestamp(\"2026-06-14T10:00:00.000000000Z\")) \u003e= toTimestamp(\"2026-06-14T09:00:00.000000000Z\")",
  "replay": {
    "active": true,
    "session_id": "0123456789abcdef0123456789abcdef",
    "session_started_at": "2026-08-14T09:00:00Z",
    "clock_mode": "manual",
    "anchor_host": "2026-08-14T09:00:00Z",
    "anchor_virtual": "2026-06-14T10:00:00Z",
    "virtual_now": "2026-06-14T10:00:00Z",
    "data_start": "2026-06-14T08:00:00Z",
    "data_end": "2026-06-14T12:00:00Z",
    "visible_end": "2026-06-14T10:00:00Z",
    "state": "active",
    "original_query": "fetch dt.davis.problems, from:toTimestamp(\"2026-06-14T09:00:00.000Z\"), to:toTimestamp(\"2026-06-14T10:00:00.000Z\")",
    "effective_query": "fetch dt.davis.problems.snapshots, from:toTimestamp(\"2026-06-14T08:00:00.000000000Z\"), to:toTimestamp(\"2026-06-14T10:00:00.000000000Z\")\n| sort timestamp desc\n| dedup event.id\n| filter event.start \u003c toTimestamp(\"2026-06-14T10:00:00.000000000Z\") and coalesce(event.end, toTimestamp(\"2026-06-14T10:00:00.000000000Z\")) \u003e= toTimestamp(\"2026-06-14T09:00:00.000000000Z\")",
    "sources": [
      {
        "ordinal": 0,
        "path": "root.children[0]",
        "name": "dt.davis.problems",
        "class": "davis_problems_view",
        "boundary_policy": "exact_half_open",
        "requested_from": "2026-06-14T09:00:00Z",
        "requested_to": "2026-06-14T10:00:00Z",
        "effective_from": "2026-06-14T09:00:00Z",
        "effective_to": "2026-06-14T10:00:00Z",
        "physical_from": "2026-06-14T08:00:00Z",
        "physical_to": "2026-06-14T10:00:00Z",
        "davis_problems_mapping": {
          "eligible": true,
          "original_view": "dt.davis.problems",
          "effective_snapshot_table": "dt.davis.problems.snapshots",
          "logical_f": "2026-06-14T09:00:00Z",
          "logical_t": "2026-06-14T10:00:00Z",
          "physical_w": "2026-06-14T08:00:00Z",
          "physical_t": "2026-06-14T10:00:00Z",
          "warmup_clamped": true
        }
      }
    ],
    "warnings": [
      "Mapped dt.davis.problems to dt.davis.problems.snapshots with latest-per-event.id lifetime reconstruction.",
      "The Davis problems snapshot-read start was clamped to data_start. Open problem snapshots have a documented six-hour refresh cadence, so less than six hours of warm-up can make reconstruction incomplete. Compilation continues only when the independent snapshot coverage gate passes."
    ],
    "davis_snapshot_coverage": {
      "status": "verified",
      "coverage_verified": true,
      "oldest_snapshot": "2026-06-14T07:00:00Z",
      "observed_at": "2026-08-14T09:00:01Z",
      "reuse": "miss"
    },
    "davis_mappings_audited": true
  },
  "format": "jsonl",
  "rows": 1,
  "bytes": 48,
  "context_name": "historical-window",
  "sample_rows": [
    {
      "event.id": "synthetic-problem"
    }
  ]
}
