{"Site":"audit.go/auditError/1","Sample":"synthetic","Outcome":"generic","Message":"The query could not be run as written.","Detail":"The effective-query audit failed: synthetic.\nThe query was not executed.\nDo not execute the query; reparse the actual effective DQL and report the compatibility failure."}
{"Site":"audit.go/auditError/1","Sample":"replay internal","Outcome":"generic","Message":"The query could not be run as written.","Detail":"The effective-query audit failed: replay internal.\nThe query was not executed.\nDo not execute the query; reparse the actual effective DQL and report the compatibility failure."}
{"Site":"audit.go/auditError/1","Sample":"2026-06-14T10:00:00Z","Outcome":"generic","Message":"The query could not be run as written.","Detail":"The effective-query audit failed: 2026-06-14T10:00:00Z.\nThe query was not executed.\nDo not execute the query; reparse the actual effective DQL and report the compatibility failure."}
{"Site":"compiler.go/RetryMessage/1","Sample":"synthetic","Outcome":"guidance","Message":"The requested timeframe is not available yet.","Detail":"The visible part of the topology window is still under 60 seconds; computed [synthetic, synthetic). Waiting for an effective window of at least 60 seconds.\nThe query was not executed."}
{"Site":"compiler.go/RetryMessage/1","Sample":"replay internal","Outcome":"guidance","Message":"The requested timeframe is not available yet.","Detail":"The visible part of the topology window is still under 60 seconds; computed [replay internal, replay internal). Waiting for an effective window of at least 60 seconds.\nThe query was not executed."}
{"Site":"compiler.go/RetryMessage/1","Sample":"2026-06-14T10:00:00Z","Outcome":"guidance","Message":"The requested timeframe is not available yet.","Detail":"The visible part of the topology window is still under 60 seconds; computed [2026-06-14T10:00:00Z, 2026-06-14T10:00:00Z). Waiting for an effective window of at least 60 seconds.\nThe query was not executed."}
{"Site":"compiler.go/validateCompileInput/1","Sample":"synthetic","Outcome":"generic","Message":"The query could not be run as written.","Detail":"The compiler input has no adapted DQL AST.\nThe query was not executed.\nParse and adapt the original DQL before compiling it."}
{"Site":"compiler.go/validateCompileInput/2","Sample":"synthetic","Outcome":"generic","Message":"The query could not be run as written.","Detail":"The original DQL text is empty.\nThe query was not executed.\nProvide the exact source text that produced the AST."}
{"Site":"compiler.go/validateCompileInput/3","Sample":"synthetic","Outcome":"generic","Message":"The query could not be run as written.","Detail":"The replay interval is empty or invalid.\nThe query was not executed.\nProvide data_start earlier than data_end."}
{"Site":"compiler.go/validateCompileInput/4","Sample":"synthetic","Outcome":"generic","Message":"The query could not be run as written.","Detail":"Virtual now is outside the replay interval.\nThe query was not executed.\nUse a virtual time from data_start through data_end."}
{"Site":"compiler.go/validateCompileInput/5","Sample":"synthetic","Outcome":"generic","Message":"The query could not be run as written.","Detail":"Virtual start is outside the replay interval.\nThe query was not executed.\nUse a virtual start from data_start through data_end."}
{"Site":"compiler.go/validateCompileInput/6","Sample":"synthetic","Outcome":"generic","Message":"The query could not be run as written.","Detail":"Virtual now is earlier than virtual start.\nThe query was not executed.\nUse the current session clock value at or after virtual_start."}
{"Site":"compiler.go/validateCompileInput/7","Sample":"synthetic","Outcome":"generic","Message":"The query could not be run as written.","Detail":"The supplied visible replay interval does not match the replay clock values.\nThe query was not executed.\nUse [data_start, min(virtual_now, data_end))."}
{"Site":"compiler.go/validateCompileInput/8","Sample":"synthetic","Outcome":"generic","Message":"The query could not be run as written.","Detail":"The supplied replay timezone name does not identify the supplied timezone rules.\nThe query was not executed.\nPass one canonical timezone value for both compilation and replay provenance."}
{"Site":"compiler.go/validateCompileInput/9","Sample":"synthetic","Outcome":"generic","Message":"The query could not be run as written.","Detail":"The global default timeframe is empty or invalid.\nThe query was not executed.\nProvide both default-timeframe endpoints with start before end."}
{"Site":"compiler.go/validateCompileInput/10","Sample":"synthetic","Outcome":"generic","Message":"The query could not be run as written.","Detail":"The replay source policy is empty.\nThe query was not executed.\nPass the explicit supported replay source policy."}
{"Site":"compiler.go/validateCompileInput/1","Sample":"replay internal","Outcome":"generic","Message":"The query could not be run as written.","Detail":"The compiler input has no adapted DQL AST.\nThe query was not executed.\nParse and adapt the original DQL before compiling it."}
{"Site":"compiler.go/validateCompileInput/2","Sample":"replay internal","Outcome":"generic","Message":"The query could not be run as written.","Detail":"The original DQL text is empty.\nThe query was not executed.\nProvide the exact source text that produced the AST."}
{"Site":"compiler.go/validateCompileInput/3","Sample":"replay internal","Outcome":"generic","Message":"The query could not be run as written.","Detail":"The replay interval is empty or invalid.\nThe query was not executed.\nProvide data_start earlier than data_end."}
{"Site":"compiler.go/validateCompileInput/4","Sample":"replay internal","Outcome":"generic","Message":"The query could not be run as written.","Detail":"Virtual now is outside the replay interval.\nThe query was not executed.\nUse a virtual time from data_start through data_end."}
{"Site":"compiler.go/validateCompileInput/5","Sample":"replay internal","Outcome":"generic","Message":"The query could not be run as written.","Detail":"Virtual start is outside the replay interval.\nThe query was not executed.\nUse a virtual start from data_start through data_end."}
{"Site":"compiler.go/validateCompileInput/6","Sample":"replay internal","Outcome":"generic","Message":"The query could not be run as written.","Detail":"Virtual now is earlier than virtual start.\nThe query was not executed.\nUse the current session clock value at or after virtual_start."}
{"Site":"compiler.go/validateCompileInput/7","Sample":"replay internal","Outcome":"generic","Message":"The query could not be run as written.","Detail":"The supplied visible replay interval does not match the replay clock values.\nThe query was not executed.\nUse [data_start, min(virtual_now, data_end))."}
{"Site":"compiler.go/validateCompileInput/8","Sample":"replay internal","Outcome":"generic","Message":"The query could not be run as written.","Detail":"The supplied replay timezone name does not identify the supplied timezone rules.\nThe query was not executed.\nPass one canonical timezone value for both compilation and replay provenance."}
{"Site":"compiler.go/validateCompileInput/9","Sample":"replay internal","Outcome":"generic","Message":"The query could not be run as written.","Detail":"The global default timeframe is empty or invalid.\nThe query was not executed.\nProvide both default-timeframe endpoints with start before end."}
{"Site":"compiler.go/validateCompileInput/10","Sample":"replay internal","Outcome":"generic","Message":"The query could not be run as written.","Detail":"The replay source policy is empty.\nThe query was not executed.\nPass the explicit supported replay source policy."}
{"Site":"compiler.go/validateCompileInput/1","Sample":"2026-06-14T10:00:00Z","Outcome":"generic","Message":"The query could not be run as written.","Detail":"The compiler input has no adapted DQL AST.\nThe query was not executed.\nParse and adapt the original DQL before compiling it."}
{"Site":"compiler.go/validateCompileInput/2","Sample":"2026-06-14T10:00:00Z","Outcome":"generic","Message":"The query could not be run as written.","Detail":"The original DQL text is empty.\nThe query was not executed.\nProvide the exact source text that produced the AST."}
{"Site":"compiler.go/validateCompileInput/3","Sample":"2026-06-14T10:00:00Z","Outcome":"generic","Message":"The query could not be run as written.","Detail":"The replay interval is empty or invalid.\nThe query was not executed.\nProvide data_start earlier than data_end."}
{"Site":"compiler.go/validateCompileInput/4","Sample":"2026-06-14T10:00:00Z","Outcome":"generic","Message":"The query could not be run as written.","Detail":"Virtual now is outside the replay interval.\nThe query was not executed.\nUse a virtual time from data_start through data_end."}
{"Site":"compiler.go/validateCompileInput/5","Sample":"2026-06-14T10:00:00Z","Outcome":"generic","Message":"The query could not be run as written.","Detail":"Virtual start is outside the replay interval.\nThe query was not executed.\nUse a virtual start from data_start through data_end."}
{"Site":"compiler.go/validateCompileInput/6","Sample":"2026-06-14T10:00:00Z","Outcome":"generic","Message":"The query could not be run as written.","Detail":"Virtual now is earlier than virtual start.\nThe query was not executed.\nUse the current session clock value at or after virtual_start."}
{"Site":"compiler.go/validateCompileInput/7","Sample":"2026-06-14T10:00:00Z","Outcome":"generic","Message":"The query could not be run as written.","Detail":"The supplied visible replay interval does not match the replay clock values.\nThe query was not executed.\nUse [data_start, min(virtual_now, data_end))."}
{"Site":"compiler.go/validateCompileInput/8","Sample":"2026-06-14T10:00:00Z","Outcome":"generic","Message":"The query could not be run as written.","Detail":"The supplied replay timezone name does not identify the supplied timezone rules.\nThe query was not executed.\nPass one canonical timezone value for both compilation and replay provenance."}
{"Site":"compiler.go/validateCompileInput/9","Sample":"2026-06-14T10:00:00Z","Outcome":"generic","Message":"The query could not be run as written.","Detail":"The global default timeframe is empty or invalid.\nThe query was not executed.\nProvide both default-timeframe endpoints with start before end."}
{"Site":"compiler.go/validateCompileInput/10","Sample":"2026-06-14T10:00:00Z","Outcome":"generic","Message":"The query could not be run as written.","Detail":"The replay source policy is empty.\nThe query was not executed.\nPass the explicit supported replay source policy."}
{"Site":"compiler.go/sourceAnalysesForCompile/1","Sample":"synthetic","Outcome":"generic","Message":"The query could not be run as written.","Detail":"The precomputed source analysis has no adapted DQL AST.\nThe query was not executed.\nAnalyze this AST again before compiling it."}
{"Site":"compiler.go/sourceAnalysesForCompile/2","Sample":"synthetic","Outcome":"generic","Message":"The query could not be run as written.","Detail":"The precomputed source analysis does not match this DQL AST revision.\nThe query was not executed.\nAnalyze this exact adapted AST again before compiling it."}
{"Site":"compiler.go/sourceAnalysesForCompile/3","Sample":"synthetic","Outcome":"generic","Message":"The query could not be run as written.","Detail":"The precomputed source analysis used a different source policy.\nThe query was not executed.\nAnalyze and compile with the same explicit source policy."}
{"Site":"compiler.go/sourceAnalysesForCompile/4","Sample":"synthetic","Outcome":"generic","Message":"The query could not be run as written.","Detail":"The precomputed source analysis used a different Davis mapping mode.\nThe query was not executed.\nAnalyze and compile with the same mapping mode."}
{"Site":"compiler.go/sourceAnalysesForCompile/1","Sample":"replay internal","Outcome":"generic","Message":"The query could not be run as written.","Detail":"The precomputed source analysis has no adapted DQL AST.\nThe query was not executed.\nAnalyze this AST again before compiling it."}
{"Site":"compiler.go/sourceAnalysesForCompile/2","Sample":"replay internal","Outcome":"generic","Message":"The query could not be run as written.","Detail":"The precomputed source analysis does not match this DQL AST revision.\nThe query was not executed.\nAnalyze this exact adapted AST again before compiling it."}
{"Site":"compiler.go/sourceAnalysesForCompile/3","Sample":"replay internal","Outcome":"generic","Message":"The query could not be run as written.","Detail":"The precomputed source analysis used a different source policy.\nThe query was not executed.\nAnalyze and compile with the same explicit source policy."}
{"Site":"compiler.go/sourceAnalysesForCompile/4","Sample":"replay internal","Outcome":"generic","Message":"The query could not be run as written.","Detail":"The precomputed source analysis used a different Davis mapping mode.\nThe query was not executed.\nAnalyze and compile with the same mapping mode."}
{"Site":"compiler.go/sourceAnalysesForCompile/1","Sample":"2026-06-14T10:00:00Z","Outcome":"generic","Message":"The query could not be run as written.","Detail":"The precomputed source analysis has no adapted DQL AST.\nThe query was not executed.\nAnalyze this AST again before compiling it."}
{"Site":"compiler.go/sourceAnalysesForCompile/2","Sample":"2026-06-14T10:00:00Z","Outcome":"generic","Message":"The query could not be run as written.","Detail":"The precomputed source analysis does not match this DQL AST revision.\nThe query was not executed.\nAnalyze this exact adapted AST again before compiling it."}
{"Site":"compiler.go/sourceAnalysesForCompile/3","Sample":"2026-06-14T10:00:00Z","Outcome":"generic","Message":"The query could not be run as written.","Detail":"The precomputed source analysis used a different source policy.\nThe query was not executed.\nAnalyze and compile with the same explicit source policy."}
{"Site":"compiler.go/sourceAnalysesForCompile/4","Sample":"2026-06-14T10:00:00Z","Outcome":"generic","Message":"The query could not be run as written.","Detail":"The precomputed source analysis used a different Davis mapping mode.\nThe query was not executed.\nAnalyze and compile with the same mapping mode."}
{"Site":"davis_current_view.go/validateDavisMappingPolicy/1","Sample":"synthetic","Outcome":"generic","Message":"The query could not be run as written.","Detail":"A disabled Davis problems mapping policy carries a coverage result.\nThe query was not executed.\nDo not reuse mapping coverage outside an eligible compilation."}
{"Site":"davis_current_view.go/validateDavisMappingPolicy/2","Sample":"synthetic","Outcome":"generic","Message":"The query could not be run as written.","Detail":"Probe-free Davis problems inspection received a coverage result.\nThe query was not executed.\nExplain and verify must not consult or reuse the coverage memo."}
{"Site":"davis_current_view.go/validateDavisMappingPolicy/3","Sample":"synthetic","Outcome":"guidance","Message":"The query uses an unsupported element: dt.davis.problems. Use disabled, execution, or probe-free inspection mode.","Detail":"The Davis problems mapping mode \"synthetic\" is unsupported.\nThe query was not executed.\nUse disabled, execution, or probe-free inspection mode."}
{"Site":"davis_current_view.go/validateDavisMappingPolicy/1","Sample":"replay internal","Outcome":"generic","Message":"The query could not be run as written.","Detail":"A disabled Davis problems mapping policy carries a coverage result.\nThe query was not executed.\nDo not reuse mapping coverage outside an eligible compilation."}
{"Site":"davis_current_view.go/validateDavisMappingPolicy/2","Sample":"replay internal","Outcome":"generic","Message":"The query could not be run as written.","Detail":"Probe-free Davis problems inspection received a coverage result.\nThe query was not executed.\nExplain and verify must not consult or reuse the coverage memo."}
{"Site":"davis_current_view.go/validateDavisMappingPolicy/3","Sample":"replay internal","Outcome":"guidance","Message":"The query uses an unsupported element: dt.davis.problems. Use disabled, execution, or probe-free inspection mode.","Detail":"The Davis problems mapping mode \"replay internal\" is unsupported.\nThe query was not executed.\nUse disabled, execution, or probe-free inspection mode."}
{"Site":"davis_current_view.go/validateDavisMappingPolicy/1","Sample":"2026-06-14T10:00:00Z","Outcome":"generic","Message":"The query could not be run as written.","Detail":"A disabled Davis problems mapping policy carries a coverage result.\nThe query was not executed.\nDo not reuse mapping coverage outside an eligible compilation."}
{"Site":"davis_current_view.go/validateDavisMappingPolicy/2","Sample":"2026-06-14T10:00:00Z","Outcome":"generic","Message":"The query could not be run as written.","Detail":"Probe-free Davis problems inspection received a coverage result.\nThe query was not executed.\nExplain and verify must not consult or reuse the coverage memo."}
{"Site":"davis_current_view.go/validateDavisMappingPolicy/3","Sample":"2026-06-14T10:00:00Z","Outcome":"guidance","Message":"The query uses an unsupported element: dt.davis.problems. Use disabled, execution, or probe-free inspection mode.","Detail":"The Davis problems mapping mode \"2026-06-14T10:00:00Z\" is unsupported.\nThe query was not executed.\nUse disabled, execution, or probe-free inspection mode."}
{"Site":"emitter.go/buildReplayEdits/1","Sample":"synthetic","Outcome":"generic","Message":"The query could not be run as written.","Detail":"An accepted source has no compiler analysis or effective range.\nThe query was not executed.\nDo not execute this query; report the replay compiler mismatch."}
{"Site":"emitter.go/buildReplayEdits/2","Sample":"synthetic","Outcome":"generic","Message":"The query could not be run as written.","Detail":"A mapped Davis problems source has no exact original data-object token.\nThe query was not executed.\nDo not execute this query; report the replay compiler mismatch."}
{"Site":"emitter.go/buildReplayEdits/1","Sample":"replay internal","Outcome":"generic","Message":"The query could not be run as written.","Detail":"An accepted source has no compiler analysis or effective range.\nThe query was not executed.\nDo not execute this query; report the replay compiler mismatch."}
{"Site":"emitter.go/buildReplayEdits/2","Sample":"replay internal","Outcome":"generic","Message":"The query could not be run as written.","Detail":"A mapped Davis problems source has no exact original data-object token.\nThe query was not executed.\nDo not execute this query; report the replay compiler mismatch."}
{"Site":"emitter.go/buildReplayEdits/1","Sample":"2026-06-14T10:00:00Z","Outcome":"generic","Message":"The query could not be run as written.","Detail":"An accepted source has no compiler analysis or effective range.\nThe query was not executed.\nDo not execute this query; report the replay compiler mismatch."}
{"Site":"emitter.go/buildReplayEdits/2","Sample":"2026-06-14T10:00:00Z","Outcome":"generic","Message":"The query could not be run as written.","Detail":"A mapped Davis problems source has no exact original data-object token.\nThe query was not executed.\nDo not execute this query; report the replay compiler mismatch."}
{"Site":"emitter.go/semanticNowEdits/1","Sample":"synthetic","Outcome":"guidance","Message":"The query's timeframe could not be interpreted. Use now() without arguments.","Detail":"The semantic now function has an unsupported argument shape.\nThe query was not executed.\nUse now() without arguments."}
{"Site":"emitter.go/semanticNowEdits/2","Sample":"synthetic","Outcome":"generic","Message":"The query could not be run as written.","Detail":"A semantic now function has no source position.\nThe query was not executed.\nUpdate dtctl if the server AST position contract changed."}
{"Site":"emitter.go/semanticNowEdits/1","Sample":"replay internal","Outcome":"guidance","Message":"The query's timeframe could not be interpreted. Use now() without arguments.","Detail":"The semantic now function has an unsupported argument shape.\nThe query was not executed.\nUse now() without arguments."}
{"Site":"emitter.go/semanticNowEdits/2","Sample":"replay internal","Outcome":"generic","Message":"The query could not be run as written.","Detail":"A semantic now function has no source position.\nThe query was not executed.\nUpdate dtctl if the server AST position contract changed."}
{"Site":"emitter.go/semanticNowEdits/1","Sample":"2026-06-14T10:00:00Z","Outcome":"guidance","Message":"The query's timeframe could not be interpreted. Use now() without arguments.","Detail":"The semantic now function has an unsupported argument shape.\nThe query was not executed.\nUse now() without arguments."}
{"Site":"emitter.go/semanticNowEdits/2","Sample":"2026-06-14T10:00:00Z","Outcome":"generic","Message":"The query could not be run as written.","Detail":"A semantic now function has no source position.\nThe query was not executed.\nUpdate dtctl if the server AST position contract changed."}
{"Site":"result_validator.go/ValidateResultContract/1","Sample":"synthetic","Outcome":"generic","Message":"The query result could not be validated and was withheld.","Detail":"The returned metric data violates the replay result contract for source 0: the pre-execution metric contract is invalid\nNo result was returned."}
{"Site":"result_validator.go/ValidateResultContract/2","Sample":"synthetic","Outcome":"generic","Message":"The query result could not be validated and was withheld.","Detail":"The returned metric data violates the replay result contract for source 0: the observed source identity does not match the compiled source\nNo result was returned."}
{"Site":"result_validator.go/ValidateResultContract/3","Sample":"synthetic","Outcome":"guidance","Message":"The query result failed a consistency check: the natural metric interval is unknown.","Detail":"The returned metric data violates the replay result contract for source 0: the natural metric interval is unknown\nNo result was returned."}
{"Site":"result_validator.go/ValidateResultContract/4","Sample":"synthetic","Outcome":"guidance","Message":"The query result failed a consistency check: the observed natural interval 1m0s does not match the declared interval 5m0s.","Detail":"The returned metric data violates the replay result contract for source 0: the observed natural interval 1m0s does not match the declared interval 5m0s\nNo result was returned."}
{"Site":"result_validator.go/ValidateResultContract/5","Sample":"synthetic","Outcome":"guidance","Message":"The query result failed a consistency check: bucket 0 is empty or reversed.","Detail":"The returned metric data violates the replay result contract for source 0: bucket 0 is empty or reversed\nNo result was returned."}
{"Site":"result_validator.go/ValidateResultContract/6","Sample":"synthetic","Outcome":"guidance","Message":"The query result failed a consistency check: bucket 0 does not have the observed natural interval.","Detail":"The returned metric data violates the replay result contract for source 0: bucket 0 does not have the observed natural interval\nNo result was returned."}
{"Site":"result_validator.go/ValidateResultContract/7","Sample":"synthetic","Outcome":"guidance","Message":"The query result failed a consistency check: bucket 0 does not intersect the requested timeframe.","Detail":"The returned metric data violates the replay result contract for source 0: bucket 0 does not intersect the logical window\nNo result was returned."}
{"Site":"result_validator.go/ValidateResultContract/8","Sample":"synthetic","Outcome":"guidance","Message":"The query result failed a consistency check: more than one natural bucket extends beyond a timeframe boundary.","Detail":"The returned metric data violates the replay result contract for source 0: more than one natural bucket spills across a logical boundary\nNo result was returned."}
{"Site":"result_validator.go/ValidateResultContract/9","Sample":"synthetic","Outcome":"guidance","Message":"The query result failed a consistency check: returned buckets extend beyond the timeframe by more than one natural interval.","Detail":"The returned metric data violates the replay result contract for source 0: boundary spill exceeds one complete natural interval\nNo result was returned."}
{"Site":"result_validator.go/ValidateResultContract/10","Sample":"synthetic","Outcome":"generic","Message":"The query result could not be validated and was withheld.","Detail":"The returned metric data violates the replay result contract for source 0: the reported provenance does not match the observed interval and bounds\nNo result was returned."}
{"Site":"result_validator.go/ValidateResultContract/1","Sample":"replay internal","Outcome":"generic","Message":"The query result could not be validated and was withheld.","Detail":"The returned metric data violates the replay result contract for source 0: the pre-execution metric contract is invalid\nNo result was returned."}
{"Site":"result_validator.go/ValidateResultContract/2","Sample":"replay internal","Outcome":"generic","Message":"The query result could not be validated and was withheld.","Detail":"The returned metric data violates the replay result contract for source 0: the observed source identity does not match the compiled source\nNo result was returned."}
{"Site":"result_validator.go/ValidateResultContract/3","Sample":"replay internal","Outcome":"guidance","Message":"The query result failed a consistency check: the natural metric interval is unknown.","Detail":"The returned metric data violates the replay result contract for source 0: the natural metric interval is unknown\nNo result was returned."}
{"Site":"result_validator.go/ValidateResultContract/4","Sample":"replay internal","Outcome":"guidance","Message":"The query result failed a consistency check: the observed natural interval 1m0s does not match the declared interval 5m0s.","Detail":"The returned metric data violates the replay result contract for source 0: the observed natural interval 1m0s does not match the declared interval 5m0s\nNo result was returned."}
{"Site":"result_validator.go/ValidateResultContract/5","Sample":"replay internal","Outcome":"guidance","Message":"The query result failed a consistency check: bucket 0 is empty or reversed.","Detail":"The returned metric data violates the replay result contract for source 0: bucket 0 is empty or reversed\nNo result was returned."}
{"Site":"result_validator.go/ValidateResultContract/6","Sample":"replay internal","Outcome":"guidance","Message":"The query result failed a consistency check: bucket 0 does not have the observed natural interval.","Detail":"The returned metric data violates the replay result contract for source 0: bucket 0 does not have the observed natural interval\nNo result was returned."}
{"Site":"result_validator.go/ValidateResultContract/7","Sample":"replay internal","Outcome":"guidance","Message":"The query result failed a consistency check: bucket 0 does not intersect the requested timeframe.","Detail":"The returned metric data violates the replay result contract for source 0: bucket 0 does not intersect the logical window\nNo result was returned."}
{"Site":"result_validator.go/ValidateResultContract/8","Sample":"replay internal","Outcome":"guidance","Message":"The query result failed a consistency check: more than one natural bucket extends beyond a timeframe boundary.","Detail":"The returned metric data violates the replay result contract for source 0: more than one natural bucket spills across a logical boundary\nNo result was returned."}
{"Site":"result_validator.go/ValidateResultContract/9","Sample":"replay internal","Outcome":"guidance","Message":"The query result failed a consistency check: returned buckets extend beyond the timeframe by more than one natural interval.","Detail":"The returned metric data violates the replay result contract for source 0: boundary spill exceeds one complete natural interval\nNo result was returned."}
{"Site":"result_validator.go/ValidateResultContract/10","Sample":"replay internal","Outcome":"generic","Message":"The query result could not be validated and was withheld.","Detail":"The returned metric data violates the replay result contract for source 0: the reported provenance does not match the observed interval and bounds\nNo result was returned."}
{"Site":"result_validator.go/ValidateResultContract/1","Sample":"2026-06-14T10:00:00Z","Outcome":"generic","Message":"The query result could not be validated and was withheld.","Detail":"The returned metric data violates the replay result contract for source 0: the pre-execution metric contract is invalid\nNo result was returned."}
{"Site":"result_validator.go/ValidateResultContract/2","Sample":"2026-06-14T10:00:00Z","Outcome":"generic","Message":"The query result could not be validated and was withheld.","Detail":"The returned metric data violates the replay result contract for source 0: the observed source identity does not match the compiled source\nNo result was returned."}
{"Site":"result_validator.go/ValidateResultContract/3","Sample":"2026-06-14T10:00:00Z","Outcome":"guidance","Message":"The query result failed a consistency check: the natural metric interval is unknown.","Detail":"The returned metric data violates the replay result contract for source 0: the natural metric interval is unknown\nNo result was returned."}
{"Site":"result_validator.go/ValidateResultContract/4","Sample":"2026-06-14T10:00:00Z","Outcome":"guidance","Message":"The query result failed a consistency check: the observed natural interval 1m0s does not match the declared interval 5m0s.","Detail":"The returned metric data violates the replay result contract for source 0: the observed natural interval 1m0s does not match the declared interval 5m0s\nNo result was returned."}
{"Site":"result_validator.go/ValidateResultContract/5","Sample":"2026-06-14T10:00:00Z","Outcome":"guidance","Message":"The query result failed a consistency check: bucket 0 is empty or reversed.","Detail":"The returned metric data violates the replay result contract for source 0: bucket 0 is empty or reversed\nNo result was returned."}
{"Site":"result_validator.go/ValidateResultContract/6","Sample":"2026-06-14T10:00:00Z","Outcome":"guidance","Message":"The query result failed a consistency check: bucket 0 does not have the observed natural interval.","Detail":"The returned metric data violates the replay result contract for source 0: bucket 0 does not have the observed natural interval\nNo result was returned."}
{"Site":"result_validator.go/ValidateResultContract/7","Sample":"2026-06-14T10:00:00Z","Outcome":"guidance","Message":"The query result failed a consistency check: bucket 0 does not intersect the requested timeframe.","Detail":"The returned metric data violates the replay result contract for source 0: bucket 0 does not intersect the logical window\nNo result was returned."}
{"Site":"result_validator.go/ValidateResultContract/8","Sample":"2026-06-14T10:00:00Z","Outcome":"guidance","Message":"The query result failed a consistency check: more than one natural bucket extends beyond a timeframe boundary.","Detail":"The returned metric data violates the replay result contract for source 0: more than one natural bucket spills across a logical boundary\nNo result was returned."}
{"Site":"result_validator.go/ValidateResultContract/9","Sample":"2026-06-14T10:00:00Z","Outcome":"guidance","Message":"The query result failed a consistency check: returned buckets extend beyond the timeframe by more than one natural interval.","Detail":"The returned metric data violates the replay result contract for source 0: boundary spill exceeds one complete natural interval\nNo result was returned."}
{"Site":"result_validator.go/ValidateResultContract/10","Sample":"2026-06-14T10:00:00Z","Outcome":"generic","Message":"The query result could not be validated and was withheld.","Detail":"The returned metric data violates the replay result contract for source 0: the reported provenance does not match the observed interval and bounds\nNo result was returned."}
{"Site":"sources.go/AnalyzeSourcesWithMapping/1","Sample":"synthetic","Outcome":"generic","Message":"The query could not be run as written.","Detail":"The adapted DQL AST revision could not be recorded.\nThe query was not executed.\nParse and adapt the original DQL again before compiling it."}
{"Site":"sources.go/AnalyzeSourcesWithMapping/1","Sample":"replay internal","Outcome":"generic","Message":"The query could not be run as written.","Detail":"The adapted DQL AST revision could not be recorded.\nThe query was not executed.\nParse and adapt the original DQL again before compiling it."}
{"Site":"sources.go/AnalyzeSourcesWithMapping/1","Sample":"2026-06-14T10:00:00Z","Outcome":"generic","Message":"The query could not be run as written.","Detail":"The adapted DQL AST revision could not be recorded.\nThe query was not executed.\nParse and adapt the original DQL again before compiling it."}
{"Site":"sources.go/analyzeSources/1","Sample":"synthetic","Outcome":"generic","Message":"The query could not be run as written.","Detail":"synthetic reads current entity state. dtctl cannot reproduce its value at virtual now.\nThe query was not executed.\nUse stored historical fields without current entity enrichment."}
{"Site":"sources.go/analyzeSources/2","Sample":"synthetic","Outcome":"guidance","Message":"The query uses an unsupported element: synthetic. Use one of the seven approved historical record tables.","Detail":"The DQL source \"synthetic\" is not in the replay record allowlist.\nThe query was not executed.\nUse one of the seven approved historical record tables."}
{"Site":"sources.go/analyzeSources/3","Sample":"synthetic","Outcome":"guidance","Message":"The query uses an unsupported element: query. Use an allowlisted fetch, timeseries, or data source.","Detail":"The DQL contains no approved historical or synthetic source.\nThe query was not executed.\nUse an allowlisted fetch, timeseries, or data source."}
{"Site":"sources.go/analyzeSources/1","Sample":"replay internal","Outcome":"generic","Message":"The query could not be run as written.","Detail":"replay internal reads current entity state. dtctl cannot reproduce its value at virtual now.\nThe query was not executed.\nUse stored historical fields without current entity enrichment."}
{"Site":"sources.go/analyzeSources/2","Sample":"replay internal","Outcome":"generic","Message":"The query could not be run as written.","Detail":"The DQL source \"replay internal\" is not in the replay record allowlist.\nThe query was not executed.\nUse one of the seven approved historical record tables."}
{"Site":"sources.go/analyzeSources/3","Sample":"replay internal","Outcome":"guidance","Message":"The query uses an unsupported element: query. Use an allowlisted fetch, timeseries, or data source.","Detail":"The DQL contains no approved historical or synthetic source.\nThe query was not executed.\nUse an allowlisted fetch, timeseries, or data source."}
{"Site":"sources.go/analyzeSources/1","Sample":"2026-06-14T10:00:00Z","Outcome":"generic","Message":"The query could not be run as written.","Detail":"2026-06-14T10:00:00Z reads current entity state. dtctl cannot reproduce its value at virtual now.\nThe query was not executed.\nUse stored historical fields without current entity enrichment."}
{"Site":"sources.go/analyzeSources/2","Sample":"2026-06-14T10:00:00Z","Outcome":"generic","Message":"The query could not be run as written.","Detail":"The DQL source \"2026-06-14T10:00:00Z\" is not in the replay record allowlist.\nThe query was not executed.\nUse one of the seven approved historical record tables."}
{"Site":"sources.go/analyzeSources/3","Sample":"2026-06-14T10:00:00Z","Outcome":"guidance","Message":"The query uses an unsupported element: query. Use an allowlisted fetch, timeseries, or data source.","Detail":"The DQL contains no approved historical or synthetic source.\nThe query was not executed.\nUse an allowlisted fetch, timeseries, or data source."}
{"Site":"sources.go/validateParameterKeys/1","Sample":"synthetic","Outcome":"guidance","Message":"The query uses an unsupported element: synthetic. Remove the unsupported source parameter.","Detail":"The source parameter \"synthetic\" has no approved replay contract.\nThe query was not executed.\nRemove the unsupported source parameter."}
{"Site":"sources.go/validateParameterKeys/1","Sample":"replay internal","Outcome":"generic","Message":"The query could not be run as written.","Detail":"The source parameter \"replay internal\" has no approved replay contract.\nThe query was not executed.\nRemove the unsupported source parameter."}
{"Site":"sources.go/validateParameterKeys/1","Sample":"2026-06-14T10:00:00Z","Outcome":"generic","Message":"The query could not be run as written.","Detail":"The source parameter \"2026-06-14T10:00:00Z\" has no approved replay contract.\nThe query was not executed.\nRemove the unsupported source parameter."}
{"Site":"sources.go/fetchDataObject/1","Sample":"synthetic","Outcome":"generic","Message":"The query could not be run as written.","Detail":"A fetch command has no unambiguous data object.\nThe query was not executed.\nUpdate dtctl if the server AST contract changed."}
{"Site":"sources.go/fetchDataObject/1","Sample":"replay internal","Outcome":"generic","Message":"The query could not be run as written.","Detail":"A fetch command has no unambiguous data object.\nThe query was not executed.\nUpdate dtctl if the server AST contract changed."}
{"Site":"sources.go/fetchDataObject/1","Sample":"2026-06-14T10:00:00Z","Outcome":"generic","Message":"The query could not be run as written.","Detail":"A fetch command has no unambiguous data object.\nThe query was not executed.\nUpdate dtctl if the server AST contract changed."}
{"Site":"sources.go/validateCommandSurface/1","Sample":"synthetic","Outcome":"generic","Message":"The query could not be run as written.","Detail":"synthetic is current mutable tenant state. dtctl cannot reproduce its value at virtual now.\nThe query was not executed.\nRemove the current-state construct."}
{"Site":"sources.go/validateCommandSurface/2","Sample":"synthetic","Outcome":"guidance","Message":"The query uses an unsupported element: synthetic. Remove the unsupported command.","Detail":"The DQL command \"synthetic\" has no approved replay contract.\nThe query was not executed.\nRemove the unsupported command."}
{"Site":"sources.go/validateCommandSurface/3","Sample":"synthetic","Outcome":"guidance","Message":"The query uses an unsupported element: synthetic. Use the tested source-bearing nested form.","Detail":"synthetic must contain exactly one AST-proven nested execution block.\nThe query was not executed.\nUse the tested source-bearing nested form."}
{"Site":"sources.go/validateCommandSurface/1","Sample":"replay internal","Outcome":"generic","Message":"The query could not be run as written.","Detail":"replay internal is current mutable tenant state. dtctl cannot reproduce its value at virtual now.\nThe query was not executed.\nRemove the current-state construct."}
{"Site":"sources.go/validateCommandSurface/2","Sample":"replay internal","Outcome":"generic","Message":"The query could not be run as written.","Detail":"The DQL command \"replay internal\" has no approved replay contract.\nThe query was not executed.\nRemove the unsupported command."}
{"Site":"sources.go/validateCommandSurface/3","Sample":"replay internal","Outcome":"generic","Message":"The query could not be run as written.","Detail":"replay internal must contain exactly one AST-proven nested execution block.\nThe query was not executed.\nUse the tested source-bearing nested form."}
{"Site":"sources.go/validateCommandSurface/1","Sample":"2026-06-14T10:00:00Z","Outcome":"generic","Message":"The query could not be run as written.","Detail":"2026-06-14T10:00:00Z is current mutable tenant state. dtctl cannot reproduce its value at virtual now.\nThe query was not executed.\nRemove the current-state construct."}
{"Site":"sources.go/validateCommandSurface/2","Sample":"2026-06-14T10:00:00Z","Outcome":"generic","Message":"The query could not be run as written.","Detail":"The DQL command \"2026-06-14T10:00:00Z\" has no approved replay contract.\nThe query was not executed.\nRemove the unsupported command."}
{"Site":"sources.go/validateCommandSurface/3","Sample":"2026-06-14T10:00:00Z","Outcome":"generic","Message":"The query could not be run as written.","Detail":"2026-06-14T10:00:00Z must contain exactly one AST-proven nested execution block.\nThe query was not executed.\nUse the tested source-bearing nested form."}
{"Site":"sources.go/validateFunctions/1","Sample":"synthetic","Outcome":"generic","Message":"The query could not be run as written.","Detail":"synthetic reads current mutable tenant state. dtctl cannot reproduce its value at virtual now.\nThe query was not executed.\nRemove the current-state enrichment."}
{"Site":"sources.go/validateFunctions/2","Sample":"synthetic","Outcome":"guidance","Message":"The query uses an unsupported element: synthetic. Remove the unsupported function.","Detail":"The DQL function \"synthetic\" has no approved replay contract.\nThe query was not executed.\nRemove the unsupported function."}
{"Site":"sources.go/validateFunctions/1","Sample":"replay internal","Outcome":"generic","Message":"The query could not be run as written.","Detail":"replay internal reads current mutable tenant state. dtctl cannot reproduce its value at virtual now.\nThe query was not executed.\nRemove the current-state enrichment."}
{"Site":"sources.go/validateFunctions/2","Sample":"replay internal","Outcome":"generic","Message":"The query could not be run as written.","Detail":"The DQL function \"replay internal\" has no approved replay contract.\nThe query was not executed.\nRemove the unsupported function."}
{"Site":"sources.go/validateFunctions/1","Sample":"2026-06-14T10:00:00Z","Outcome":"generic","Message":"The query could not be run as written.","Detail":"2026-06-14T10:00:00Z reads current mutable tenant state. dtctl cannot reproduce its value at virtual now.\nThe query was not executed.\nRemove the current-state enrichment."}
{"Site":"sources.go/validateFunctions/2","Sample":"2026-06-14T10:00:00Z","Outcome":"generic","Message":"The query could not be run as written.","Detail":"The DQL function \"2026-06-14T10:00:00Z\" has no approved replay contract.\nThe query was not executed.\nRemove the unsupported function."}
{"Site":"sources.go/classifyMetric/1","Sample":"synthetic","Outcome":"guidance","Message":"The query uses an unsupported time shift. Remove the time shift.","Detail":"Every timeseries shift form is rejected.\nThe query was not executed.\nRemove shift; replay currently supports only unshifted timeseries."}
{"Site":"sources.go/classifyMetric/2","Sample":"synthetic","Outcome":"guidance","Message":"The query uses an unsupported element: synthetic. Use the exact tested metric form.","Detail":"timeseries repeats the \"synthetic\" parameter.\nThe query was not executed.\nUse the exact tested metric form."}
{"Site":"sources.go/classifyMetric/3","Sample":"synthetic","Outcome":"guidance","Message":"The query uses an unsupported element: timeseries series. Use a single avg series, the tested avg/max pair, or another exact allowlisted form.","Detail":"timeseries must contain one tested series parameter group.\nThe query was not executed.\nUse a single avg series, the tested avg/max pair, or another exact allowlisted form."}
{"Site":"sources.go/classifyMetric/4","Sample":"synthetic","Outcome":"guidance","Message":"The query uses an unsupported element: interval. Use a parser-accepted fixed duration.","Detail":"The metric interval AST shape is unsupported.\nThe query was not executed.\nUse a parser-accepted fixed duration."}
{"Site":"sources.go/classifyMetric/5","Sample":"synthetic","Outcome":"guidance","Message":"The query uses an unsupported element: interval. Use a parser-accepted fixed duration; genuine calendar intervals are rejected.","Detail":"The metric interval is not a positive fixed duration.\nThe query was not executed.\nUse a parser-accepted fixed duration; genuine calendar intervals are rejected."}
{"Site":"sources.go/classifyMetric/1","Sample":"replay internal","Outcome":"guidance","Message":"The query uses an unsupported time shift. Remove the time shift.","Detail":"Every timeseries shift form is rejected.\nThe query was not executed.\nRemove shift; replay currently supports only unshifted timeseries."}
{"Site":"sources.go/classifyMetric/2","Sample":"replay internal","Outcome":"generic","Message":"The query could not be run as written.","Detail":"timeseries repeats the \"replay internal\" parameter.\nThe query was not executed.\nUse the exact tested metric form."}
{"Site":"sources.go/classifyMetric/3","Sample":"replay internal","Outcome":"guidance","Message":"The query uses an unsupported element: timeseries series. Use a single avg series, the tested avg/max pair, or another exact allowlisted form.","Detail":"timeseries must contain one tested series parameter group.\nThe query was not executed.\nUse a single avg series, the tested avg/max pair, or another exact allowlisted form."}
{"Site":"sources.go/classifyMetric/4","Sample":"replay internal","Outcome":"guidance","Message":"The query uses an unsupported element: interval. Use a parser-accepted fixed duration.","Detail":"The metric interval AST shape is unsupported.\nThe query was not executed.\nUse a parser-accepted fixed duration."}
{"Site":"sources.go/classifyMetric/5","Sample":"replay internal","Outcome":"guidance","Message":"The query uses an unsupported element: interval. Use a parser-accepted fixed duration; genuine calendar intervals are rejected.","Detail":"The metric interval is not a positive fixed duration.\nThe query was not executed.\nUse a parser-accepted fixed duration; genuine calendar intervals are rejected."}
{"Site":"sources.go/classifyMetric/1","Sample":"2026-06-14T10:00:00Z","Outcome":"guidance","Message":"The query uses an unsupported time shift. Remove the time shift.","Detail":"Every timeseries shift form is rejected.\nThe query was not executed.\nRemove shift; replay currently supports only unshifted timeseries."}
{"Site":"sources.go/classifyMetric/2","Sample":"2026-06-14T10:00:00Z","Outcome":"generic","Message":"The query could not be run as written.","Detail":"timeseries repeats the \"2026-06-14T10:00:00Z\" parameter.\nThe query was not executed.\nUse the exact tested metric form."}
{"Site":"sources.go/classifyMetric/3","Sample":"2026-06-14T10:00:00Z","Outcome":"guidance","Message":"The query uses an unsupported element: timeseries series. Use a single avg series, the tested avg/max pair, or another exact allowlisted form.","Detail":"timeseries must contain one tested series parameter group.\nThe query was not executed.\nUse a single avg series, the tested avg/max pair, or another exact allowlisted form."}
{"Site":"sources.go/classifyMetric/4","Sample":"2026-06-14T10:00:00Z","Outcome":"guidance","Message":"The query uses an unsupported element: interval. Use a parser-accepted fixed duration.","Detail":"The metric interval AST shape is unsupported.\nThe query was not executed.\nUse a parser-accepted fixed duration."}
{"Site":"sources.go/classifyMetric/5","Sample":"2026-06-14T10:00:00Z","Outcome":"guidance","Message":"The query uses an unsupported element: interval. Use a parser-accepted fixed duration; genuine calendar intervals are rejected.","Detail":"The metric interval is not a positive fixed duration.\nThe query was not executed.\nUse a parser-accepted fixed duration; genuine calendar intervals are rejected."}
{"Site":"sources.go/unsupportedMetric/1","Sample":"synthetic","Outcome":"guidance","Message":"The query uses an unsupported element: timeseries. Use single avg, sum with rate:1s, avg with rollup:avg, the tested single split, or the tested avg/max pair.","Detail":"The timeseries form is outside the supported metric allowlist.\nThe query was not executed.\nUse single avg, sum with rate:1s, avg with rollup:avg, the tested single split, or the tested avg/max pair."}
{"Site":"sources.go/unsupportedMetric/1","Sample":"replay internal","Outcome":"guidance","Message":"The query uses an unsupported element: timeseries. Use single avg, sum with rate:1s, avg with rollup:avg, the tested single split, or the tested avg/max pair.","Detail":"The timeseries form is outside the supported metric allowlist.\nThe query was not executed.\nUse single avg, sum with rate:1s, avg with rollup:avg, the tested single split, or the tested avg/max pair."}
{"Site":"sources.go/unsupportedMetric/1","Sample":"2026-06-14T10:00:00Z","Outcome":"guidance","Message":"The query uses an unsupported element: timeseries. Use single avg, sum with rate:1s, avg with rollup:avg, the tested single split, or the tested avg/max pair.","Detail":"The timeseries form is outside the supported metric allowlist.\nThe query was not executed.\nUse single avg, sum with rate:1s, avg with rollup:avg, the tested single split, or the tested avg/max pair."}
{"Site":"timeframe.go/resolveRequestedRange/1","Sample":"synthetic","Outcome":"guidance","Message":"The query's timeframe could not be interpreted. Use either timeframe or from and to.","Detail":"The source combines mutually exclusive timeframe forms.\nThe query was not executed.\nUse either timeframe or from and to."}
{"Site":"timeframe.go/resolveRequestedRange/2","Sample":"synthetic","Outcome":"guidance","Message":"The query's timeframe could not be interpreted. Provide each timeframe parameter at most once.","Detail":"The source repeats a timeframe parameter.\nThe query was not executed.\nProvide each timeframe parameter at most once."}
{"Site":"timeframe.go/resolveRequestedRange/3","Sample":"synthetic","Outcome":"guidance","Message":"The query's timeframe could not be interpreted. Add an explicit from value.","Detail":"A source with to but no from has no proven requested start.\nThe query was not executed.\nAdd an explicit from value."}
{"Site":"timeframe.go/resolveRequestedRange/4","Sample":"synthetic","Outcome":"generic","Message":"The query could not be run as written.","Detail":"The global default timeframe is empty or invalid.\nThe query was not executed.\nProvide both default-timeframe endpoints with start before end."}
{"Site":"timeframe.go/resolveRequestedRange/5","Sample":"synthetic","Outcome":"generic","Message":"The query could not be run as written.","Detail":"The default lookback is not positive.\nThe query was not executed.\nUse the verified two-hour default or a positive policy value."}
{"Site":"timeframe.go/resolveRequestedRange/1","Sample":"replay internal","Outcome":"guidance","Message":"The query's timeframe could not be interpreted. Use either timeframe or from and to.","Detail":"The source combines mutually exclusive timeframe forms.\nThe query was not executed.\nUse either timeframe or from and to."}
{"Site":"timeframe.go/resolveRequestedRange/2","Sample":"replay internal","Outcome":"guidance","Message":"The query's timeframe could not be interpreted. Provide each timeframe parameter at most once.","Detail":"The source repeats a timeframe parameter.\nThe query was not executed.\nProvide each timeframe parameter at most once."}
{"Site":"timeframe.go/resolveRequestedRange/3","Sample":"replay internal","Outcome":"guidance","Message":"The query's timeframe could not be interpreted. Add an explicit from value.","Detail":"A source with to but no from has no proven requested start.\nThe query was not executed.\nAdd an explicit from value."}
{"Site":"timeframe.go/resolveRequestedRange/4","Sample":"replay internal","Outcome":"generic","Message":"The query could not be run as written.","Detail":"The global default timeframe is empty or invalid.\nThe query was not executed.\nProvide both default-timeframe endpoints with start before end."}
{"Site":"timeframe.go/resolveRequestedRange/5","Sample":"replay internal","Outcome":"generic","Message":"The query could not be run as written.","Detail":"The default lookback is not positive.\nThe query was not executed.\nUse the verified two-hour default or a positive policy value."}
{"Site":"timeframe.go/resolveRequestedRange/1","Sample":"2026-06-14T10:00:00Z","Outcome":"guidance","Message":"The query's timeframe could not be interpreted. Use either timeframe or from and to.","Detail":"The source combines mutually exclusive timeframe forms.\nThe query was not executed.\nUse either timeframe or from and to."}
{"Site":"timeframe.go/resolveRequestedRange/2","Sample":"2026-06-14T10:00:00Z","Outcome":"guidance","Message":"The query's timeframe could not be interpreted. Provide each timeframe parameter at most once.","Detail":"The source repeats a timeframe parameter.\nThe query was not executed.\nProvide each timeframe parameter at most once."}
{"Site":"timeframe.go/resolveRequestedRange/3","Sample":"2026-06-14T10:00:00Z","Outcome":"guidance","Message":"The query's timeframe could not be interpreted. Add an explicit from value.","Detail":"A source with to but no from has no proven requested start.\nThe query was not executed.\nAdd an explicit from value."}
{"Site":"timeframe.go/resolveRequestedRange/4","Sample":"2026-06-14T10:00:00Z","Outcome":"generic","Message":"The query could not be run as written.","Detail":"The global default timeframe is empty or invalid.\nThe query was not executed.\nProvide both default-timeframe endpoints with start before end."}
{"Site":"timeframe.go/resolveRequestedRange/5","Sample":"2026-06-14T10:00:00Z","Outcome":"generic","Message":"The query could not be run as written.","Detail":"The default lookback is not positive.\nThe query was not executed.\nUse the verified two-hour default or a positive policy value."}
{"Site":"timeframe.go/requestedRangeForContext/1","Sample":"synthetic","Outcome":"guidance","Message":"The query's timeframe could not be interpreted. Use a start that is earlier than the end.","Detail":"The requested source timeframe is empty or reversed.\nThe query was not executed.\nUse a start that is earlier than the end."}
{"Site":"timeframe.go/requestedRangeForContext/2","Sample":"synthetic","Outcome":"guidance","Message":"The query's timeframe could not be interpreted. Use a wider non-empty timeframe.","Detail":"A one-nanosecond source timeframe is not a valid replay window.\nThe query was not executed.\nUse a wider non-empty timeframe."}
{"Site":"timeframe.go/requestedRangeForContext/1","Sample":"replay internal","Outcome":"guidance","Message":"The query's timeframe could not be interpreted. Use a start that is earlier than the end.","Detail":"The requested source timeframe is empty or reversed.\nThe query was not executed.\nUse a start that is earlier than the end."}
{"Site":"timeframe.go/requestedRangeForContext/2","Sample":"replay internal","Outcome":"guidance","Message":"The query's timeframe could not be interpreted. Use a wider non-empty timeframe.","Detail":"A one-nanosecond source timeframe is not a valid replay window.\nThe query was not executed.\nUse a wider non-empty timeframe."}
{"Site":"timeframe.go/requestedRangeForContext/1","Sample":"2026-06-14T10:00:00Z","Outcome":"guidance","Message":"The query's timeframe could not be interpreted. Use a start that is earlier than the end.","Detail":"The requested source timeframe is empty or reversed.\nThe query was not executed.\nUse a start that is earlier than the end."}
{"Site":"timeframe.go/requestedRangeForContext/2","Sample":"2026-06-14T10:00:00Z","Outcome":"guidance","Message":"The query's timeframe could not be interpreted. Use a wider non-empty timeframe.","Detail":"A one-nanosecond source timeframe is not a valid replay window.\nThe query was not executed.\nUse a wider non-empty timeframe."}
{"Site":"timeframe.go/parseTimeframeParameter/1","Sample":"synthetic","Outcome":"guidance","Message":"The query's timeframe could not be interpreted. Use a quoted absolute start/end timeframe or timeframe(from:, to:).","Detail":"The timeframe parameter has an unsupported AST shape.\nThe query was not executed.\nUse a quoted absolute start/end timeframe or timeframe(from:, to:)."}
{"Site":"timeframe.go/parseTimeframeParameter/2","Sample":"synthetic","Outcome":"guidance","Message":"The query's timeframe could not be interpreted. Use two absolute RFC 3339 timestamps separated by one slash.","Detail":"The quoted timeframe is malformed.\nThe query was not executed.\nUse two absolute RFC 3339 timestamps separated by one slash."}
{"Site":"timeframe.go/parseTimeframeParameter/3","Sample":"synthetic","Outcome":"guidance","Message":"The query's timeframe could not be interpreted. Use absolute RFC 3339 timestamps with a timezone.","Detail":"The quoted timeframe contains an invalid timestamp.\nThe query was not executed.\nUse absolute RFC 3339 timestamps with a timezone."}
{"Site":"timeframe.go/parseTimeframeParameter/4","Sample":"synthetic","Outcome":"guidance","Message":"The query's timeframe could not be interpreted. Use a quoted absolute start/end timeframe or timeframe(from:, to:).","Detail":"The timeframe value is dynamic or unsupported.\nThe query was not executed.\nUse a quoted absolute start/end timeframe or timeframe(from:, to:)."}
{"Site":"timeframe.go/parseTimeframeParameter/5","Sample":"synthetic","Outcome":"guidance","Message":"The query's timeframe could not be interpreted. Use timeframe(from:<timestamp>, to:<timestamp>).","Detail":"The structured timeframe must contain exactly from and to.\nThe query was not executed.\nUse timeframe(from:<timestamp>, to:<timestamp>)."}
{"Site":"timeframe.go/parseTimeframeParameter/1","Sample":"replay internal","Outcome":"guidance","Message":"The query's timeframe could not be interpreted. Use a quoted absolute start/end timeframe or timeframe(from:, to:).","Detail":"The timeframe parameter has an unsupported AST shape.\nThe query was not executed.\nUse a quoted absolute start/end timeframe or timeframe(from:, to:)."}
{"Site":"timeframe.go/parseTimeframeParameter/2","Sample":"replay internal","Outcome":"guidance","Message":"The query's timeframe could not be interpreted. Use two absolute RFC 3339 timestamps separated by one slash.","Detail":"The quoted timeframe is malformed.\nThe query was not executed.\nUse two absolute RFC 3339 timestamps separated by one slash."}
{"Site":"timeframe.go/parseTimeframeParameter/3","Sample":"replay internal","Outcome":"guidance","Message":"The query's timeframe could not be interpreted. Use absolute RFC 3339 timestamps with a timezone.","Detail":"The quoted timeframe contains an invalid timestamp.\nThe query was not executed.\nUse absolute RFC 3339 timestamps with a timezone."}
{"Site":"timeframe.go/parseTimeframeParameter/4","Sample":"replay internal","Outcome":"guidance","Message":"The query's timeframe could not be interpreted. Use a quoted absolute start/end timeframe or timeframe(from:, to:).","Detail":"The timeframe value is dynamic or unsupported.\nThe query was not executed.\nUse a quoted absolute start/end timeframe or timeframe(from:, to:)."}
{"Site":"timeframe.go/parseTimeframeParameter/5","Sample":"replay internal","Outcome":"guidance","Message":"The query's timeframe could not be interpreted. Use timeframe(from:<timestamp>, to:<timestamp>).","Detail":"The structured timeframe must contain exactly from and to.\nThe query was not executed.\nUse timeframe(from:<timestamp>, to:<timestamp>)."}
{"Site":"timeframe.go/parseTimeframeParameter/1","Sample":"2026-06-14T10:00:00Z","Outcome":"guidance","Message":"The query's timeframe could not be interpreted. Use a quoted absolute start/end timeframe or timeframe(from:, to:).","Detail":"The timeframe parameter has an unsupported AST shape.\nThe query was not executed.\nUse a quoted absolute start/end timeframe or timeframe(from:, to:)."}
{"Site":"timeframe.go/parseTimeframeParameter/2","Sample":"2026-06-14T10:00:00Z","Outcome":"guidance","Message":"The query's timeframe could not be interpreted. Use two absolute RFC 3339 timestamps separated by one slash.","Detail":"The quoted timeframe is malformed.\nThe query was not executed.\nUse two absolute RFC 3339 timestamps separated by one slash."}
{"Site":"timeframe.go/parseTimeframeParameter/3","Sample":"2026-06-14T10:00:00Z","Outcome":"guidance","Message":"The query's timeframe could not be interpreted. Use absolute RFC 3339 timestamps with a timezone.","Detail":"The quoted timeframe contains an invalid timestamp.\nThe query was not executed.\nUse absolute RFC 3339 timestamps with a timezone."}
{"Site":"timeframe.go/parseTimeframeParameter/4","Sample":"2026-06-14T10:00:00Z","Outcome":"guidance","Message":"The query's timeframe could not be interpreted. Use a quoted absolute start/end timeframe or timeframe(from:, to:).","Detail":"The timeframe value is dynamic or unsupported.\nThe query was not executed.\nUse a quoted absolute start/end timeframe or timeframe(from:, to:)."}
{"Site":"timeframe.go/parseTimeframeParameter/5","Sample":"2026-06-14T10:00:00Z","Outcome":"guidance","Message":"The query's timeframe could not be interpreted. Use timeframe(from:<timestamp>, to:<timestamp>).","Detail":"The structured timeframe must contain exactly from and to.\nThe query was not executed.\nUse timeframe(from:<timestamp>, to:<timestamp>)."}
{"Site":"timeframe.go/evaluateTimeParameter/1","Sample":"synthetic","Outcome":"guidance","Message":"The query's timeframe could not be interpreted. Use an absolute timestamp, now() with fixed arithmetic, or a supported implicit-now form.","Detail":"The time expression has an unsupported AST shape.\nThe query was not executed.\nUse an absolute timestamp, now() with fixed arithmetic, or a supported implicit-now form."}
{"Site":"timeframe.go/evaluateTimeParameter/1","Sample":"replay internal","Outcome":"guidance","Message":"The query's timeframe could not be interpreted. Use an absolute timestamp, now() with fixed arithmetic, or a supported implicit-now form.","Detail":"The time expression has an unsupported AST shape.\nThe query was not executed.\nUse an absolute timestamp, now() with fixed arithmetic, or a supported implicit-now form."}
{"Site":"timeframe.go/evaluateTimeParameter/1","Sample":"2026-06-14T10:00:00Z","Outcome":"guidance","Message":"The query's timeframe could not be interpreted. Use an absolute timestamp, now() with fixed arithmetic, or a supported implicit-now form.","Detail":"The time expression has an unsupported AST shape.\nThe query was not executed.\nUse an absolute timestamp, now() with fixed arithmetic, or a supported implicit-now form."}
{"Site":"timeframe.go/evaluateTimeNode/1","Sample":"synthetic","Outcome":"guidance","Message":"The query's timeframe could not be interpreted. Use an RFC 3339 timestamp with a timezone.","Detail":"The timestamp literal is not an absolute RFC 3339 value.\nThe query was not executed.\nUse an RFC 3339 timestamp with a timezone."}
{"Site":"timeframe.go/evaluateTimeNode/2","Sample":"synthetic","Outcome":"guidance","Message":"The query's timeframe could not be interpreted. Use an absolute start and end timestamp.","Detail":"The time expression is not supported by replay.\nThe query was not executed.\nRewrite it using an absolute timestamp or a supported virtual-now expression."}
{"Site":"timeframe.go/evaluateTimeNode/1","Sample":"replay internal","Outcome":"guidance","Message":"The query's timeframe could not be interpreted. Use an RFC 3339 timestamp with a timezone.","Detail":"The timestamp literal is not an absolute RFC 3339 value.\nThe query was not executed.\nUse an RFC 3339 timestamp with a timezone."}
{"Site":"timeframe.go/evaluateTimeNode/2","Sample":"replay internal","Outcome":"guidance","Message":"The query's timeframe could not be interpreted. Use an absolute start and end timestamp.","Detail":"The time expression is not supported by replay.\nThe query was not executed.\nRewrite it using an absolute timestamp or a supported virtual-now expression."}
{"Site":"timeframe.go/evaluateTimeNode/1","Sample":"2026-06-14T10:00:00Z","Outcome":"guidance","Message":"The query's timeframe could not be interpreted. Use an RFC 3339 timestamp with a timezone.","Detail":"The timestamp literal is not an absolute RFC 3339 value.\nThe query was not executed.\nUse an RFC 3339 timestamp with a timezone."}
{"Site":"timeframe.go/evaluateTimeNode/2","Sample":"2026-06-14T10:00:00Z","Outcome":"guidance","Message":"The query's timeframe could not be interpreted. Use an absolute start and end timestamp.","Detail":"The time expression is not supported by replay.\nThe query was not executed.\nRewrite it using an absolute timestamp or a supported virtual-now expression."}
{"Site":"timeframe.go/parseDurationNode/1","Sample":"synthetic","Outcome":"guidance","Message":"The query's timeframe could not be interpreted. Use one numeric fixed duration.","Detail":"The duration AST shape is unsupported.\nThe query was not executed.\nUse one numeric fixed duration."}
{"Site":"timeframe.go/parseDurationNode/2","Sample":"synthetic","Outcome":"guidance","Message":"The query's timeframe could not be interpreted. Use a parser-accepted fixed duration.","Detail":"The fixed duration is unsupported.\nThe query was not executed.\nUse a parser-accepted fixed duration."}
{"Site":"timeframe.go/parseDurationNode/3","Sample":"synthetic","Outcome":"guidance","Message":"The query's timeframe could not be interpreted. Use a supported day-based implicit-now expression.","Detail":"The calendar duration is unsupported.\nThe query was not executed.\nUse a supported day-based implicit-now expression."}
{"Site":"timeframe.go/parseDurationNode/4","Sample":"synthetic","Outcome":"guidance","Message":"The query's timeframe could not be interpreted. Use a fixed duration; calendar months, weeks, and years remain rejected.","Detail":"Genuine calendar intervals are not supported.\nThe query was not executed.\nUse a fixed duration; calendar months, weeks, and years remain rejected."}
{"Site":"timeframe.go/parseDurationNode/1","Sample":"replay internal","Outcome":"guidance","Message":"The query's timeframe could not be interpreted. Use one numeric fixed duration.","Detail":"The duration AST shape is unsupported.\nThe query was not executed.\nUse one numeric fixed duration."}
{"Site":"timeframe.go/parseDurationNode/2","Sample":"replay internal","Outcome":"guidance","Message":"The query's timeframe could not be interpreted. Use a parser-accepted fixed duration.","Detail":"The fixed duration is unsupported.\nThe query was not executed.\nUse a parser-accepted fixed duration."}
{"Site":"timeframe.go/parseDurationNode/3","Sample":"replay internal","Outcome":"guidance","Message":"The query's timeframe could not be interpreted. Use a supported day-based implicit-now expression.","Detail":"The calendar duration is unsupported.\nThe query was not executed.\nUse a supported day-based implicit-now expression."}
{"Site":"timeframe.go/parseDurationNode/4","Sample":"replay internal","Outcome":"guidance","Message":"The query's timeframe could not be interpreted. Use a fixed duration; calendar months, weeks, and years remain rejected.","Detail":"Genuine calendar intervals are not supported.\nThe query was not executed.\nUse a fixed duration; calendar months, weeks, and years remain rejected."}
{"Site":"timeframe.go/parseDurationNode/1","Sample":"2026-06-14T10:00:00Z","Outcome":"guidance","Message":"The query's timeframe could not be interpreted. Use one numeric fixed duration.","Detail":"The duration AST shape is unsupported.\nThe query was not executed.\nUse one numeric fixed duration."}
{"Site":"timeframe.go/parseDurationNode/2","Sample":"2026-06-14T10:00:00Z","Outcome":"guidance","Message":"The query's timeframe could not be interpreted. Use a parser-accepted fixed duration.","Detail":"The fixed duration is unsupported.\nThe query was not executed.\nUse a parser-accepted fixed duration."}
{"Site":"timeframe.go/parseDurationNode/3","Sample":"2026-06-14T10:00:00Z","Outcome":"guidance","Message":"The query's timeframe could not be interpreted. Use a supported day-based implicit-now expression.","Detail":"The calendar duration is unsupported.\nThe query was not executed.\nUse a supported day-based implicit-now expression."}
{"Site":"timeframe.go/parseDurationNode/4","Sample":"2026-06-14T10:00:00Z","Outcome":"guidance","Message":"The query's timeframe could not be interpreted. Use a fixed duration; calendar months, weeks, and years remain rejected.","Detail":"Genuine calendar intervals are not supported.\nThe query was not executed.\nUse a fixed duration; calendar months, weeks, and years remain rejected."}
{"Site":"timeframe.go/alignEndpoint/1","Sample":"synthetic","Outcome":"guidance","Message":"The query's time alignment is not supported in this timezone. Use an absolute start and end timestamp.","Detail":"Calendar or DST-sensitive alignment outside UTC is not supported.\nThe query was not executed.\nUse an absolute timestamp or a UTC replay timezone for the tested @h and @d forms."}
{"Site":"timeframe.go/alignEndpoint/2","Sample":"synthetic","Outcome":"guidance","Message":"The query's timeframe could not be interpreted. Use @h, @d, or an absolute timestamp.","Detail":"This time alignment is not supported.\nThe query was not executed.\nUse @h, @d, or an absolute timestamp."}
{"Site":"timeframe.go/alignEndpoint/1","Sample":"replay internal","Outcome":"guidance","Message":"The query's time alignment is not supported in this timezone. Use an absolute start and end timestamp.","Detail":"Calendar or DST-sensitive alignment outside UTC is not supported.\nThe query was not executed.\nUse an absolute timestamp or a UTC replay timezone for the tested @h and @d forms."}
{"Site":"timeframe.go/alignEndpoint/2","Sample":"replay internal","Outcome":"guidance","Message":"The query's timeframe could not be interpreted. Use @h, @d, or an absolute timestamp.","Detail":"This time alignment is not supported.\nThe query was not executed.\nUse @h, @d, or an absolute timestamp."}
{"Site":"timeframe.go/alignEndpoint/1","Sample":"2026-06-14T10:00:00Z","Outcome":"guidance","Message":"The query's time alignment is not supported in this timezone. Use an absolute start and end timestamp.","Detail":"Calendar or DST-sensitive alignment outside UTC is not supported.\nThe query was not executed.\nUse an absolute timestamp or a UTC replay timezone for the tested @h and @d forms."}
{"Site":"timeframe.go/alignEndpoint/2","Sample":"2026-06-14T10:00:00Z","Outcome":"guidance","Message":"The query's timeframe could not be interpreted. Use @h, @d, or an absolute timestamp.","Detail":"This time alignment is not supported.\nThe query was not executed.\nUse @h, @d, or an absolute timestamp."}
{"Site":"topology.go/topologyFeeder/1","Sample":"synthetic","Outcome":"guidance","Message":"The query uses an unsupported element: traverse. Place traverse after smartscapeNodes or smartscapeEdges through source-free pipeline commands.","Detail":"traverse has no topology feeder in the same execution block through source-free pipeline commands.\nThe query was not executed.\nPlace traverse after smartscapeNodes or smartscapeEdges through source-free pipeline commands."}
{"Site":"topology.go/topologyFeeder/1","Sample":"replay internal","Outcome":"guidance","Message":"The query uses an unsupported element: traverse. Place traverse after smartscapeNodes or smartscapeEdges through source-free pipeline commands.","Detail":"traverse has no topology feeder in the same execution block through source-free pipeline commands.\nThe query was not executed.\nPlace traverse after smartscapeNodes or smartscapeEdges through source-free pipeline commands."}
{"Site":"topology.go/topologyFeeder/1","Sample":"2026-06-14T10:00:00Z","Outcome":"guidance","Message":"The query uses an unsupported element: traverse. Place traverse after smartscapeNodes or smartscapeEdges through source-free pipeline commands.","Detail":"traverse has no topology feeder in the same execution block through source-free pipeline commands.\nThe query was not executed.\nPlace traverse after smartscapeNodes or smartscapeEdges through source-free pipeline commands."}
{"Site":"topology.go/validateTopologyCommand/1","Sample":"synthetic","Outcome":"guidance","Message":"The query uses an unsupported element: traverse. Put from, to, or timeframe on the feeding smartscapeNodes or smartscapeEdges command.","Detail":"traverse cannot carry its own timeframe.\nThe query was not executed.\nPut from, to, or timeframe on the feeding smartscapeNodes or smartscapeEdges command."}
{"Site":"topology.go/validateTopologyCommand/2","Sample":"synthetic","Outcome":"guidance","Message":"The query uses an unsupported element: traverse. Provide each traverse parameter at most once.","Detail":"traverse repeats the \"synthetic\" parameter.\nThe query was not executed.\nProvide each traverse parameter at most once."}
{"Site":"topology.go/validateTopologyCommand/3","Sample":"synthetic","Outcome":"guidance","Message":"The query uses an unsupported element: synthetic. Provide a node or edge type selector.","Detail":"A topology source must have a type selector.\nThe query was not executed.\nProvide a node or edge type selector."}
{"Site":"topology.go/validateTopologyCommand/1","Sample":"replay internal","Outcome":"guidance","Message":"The query uses an unsupported element: traverse. Put from, to, or timeframe on the feeding smartscapeNodes or smartscapeEdges command.","Detail":"traverse cannot carry its own timeframe.\nThe query was not executed.\nPut from, to, or timeframe on the feeding smartscapeNodes or smartscapeEdges command."}
{"Site":"topology.go/validateTopologyCommand/2","Sample":"replay internal","Outcome":"guidance","Message":"The query uses an unsupported element: traverse. Provide each traverse parameter at most once.","Detail":"traverse repeats the \"replay internal\" parameter.\nThe query was not executed.\nProvide each traverse parameter at most once."}
{"Site":"topology.go/validateTopologyCommand/3","Sample":"replay internal","Outcome":"generic","Message":"The query could not be run as written.","Detail":"A topology source must have a type selector.\nThe query was not executed.\nProvide a node or edge type selector."}
{"Site":"topology.go/validateTopologyCommand/1","Sample":"2026-06-14T10:00:00Z","Outcome":"guidance","Message":"The query uses an unsupported element: traverse. Put from, to, or timeframe on the feeding smartscapeNodes or smartscapeEdges command.","Detail":"traverse cannot carry its own timeframe.\nThe query was not executed.\nPut from, to, or timeframe on the feeding smartscapeNodes or smartscapeEdges command."}
{"Site":"topology.go/validateTopologyCommand/2","Sample":"2026-06-14T10:00:00Z","Outcome":"guidance","Message":"The query uses an unsupported element: traverse. Provide each traverse parameter at most once.","Detail":"traverse repeats the \"2026-06-14T10:00:00Z\" parameter.\nThe query was not executed.\nProvide each traverse parameter at most once."}
{"Site":"topology.go/validateTopologyCommand/3","Sample":"2026-06-14T10:00:00Z","Outcome":"generic","Message":"The query could not be run as written.","Detail":"A topology source must have a type selector.\nThe query was not executed.\nProvide a node or edge type selector."}
{"Site":"topology.go/topologyEdgeError/1","Sample":"synthetic","Outcome":"guidance","Message":"The query uses an unsupported element: synthetic. Use only calls or runs_on edge types.","Detail":"synthetic supports only calls and runs_on edge types; wildcards and unresolvable selectors are not supported.\nThe query was not executed.\nUse only calls or runs_on edge types."}
{"Site":"topology.go/topologyEdgeError/1","Sample":"replay internal","Outcome":"generic","Message":"The query could not be run as written.","Detail":"replay internal supports only calls and runs_on edge types; wildcards and unresolvable selectors are not supported.\nThe query was not executed.\nUse only calls or runs_on edge types."}
{"Site":"topology.go/topologyEdgeError/1","Sample":"2026-06-14T10:00:00Z","Outcome":"generic","Message":"The query could not be run as written.","Detail":"2026-06-14T10:00:00Z supports only calls and runs_on edge types; wildcards and unresolvable selectors are not supported.\nThe query was not executed.\nUse only calls or runs_on edge types."}
{"Site":"transform.go/collectCommands/1","Sample":"synthetic","Outcome":"generic","Message":"The query could not be run as written.","Detail":"A command has no unambiguous command name.\nThe query was not executed.\nUpdate dtctl if the server AST contract changed."}
{"Site":"transform.go/collectCommands/1","Sample":"replay internal","Outcome":"generic","Message":"The query could not be run as written.","Detail":"A command has no unambiguous command name.\nThe query was not executed.\nUpdate dtctl if the server AST contract changed."}
{"Site":"transform.go/collectCommands/1","Sample":"2026-06-14T10:00:00Z","Outcome":"generic","Message":"The query could not be run as written.","Detail":"A command has no unambiguous command name.\nThe query was not executed.\nUpdate dtctl if the server AST contract changed."}
{"Site":"transform.go/classifyParameter/1","Sample":"synthetic","Outcome":"generic","Message":"The query could not be run as written.","Detail":"A parameter has multiple positioned keys.\nThe query was not executed.\nUpdate dtctl if the server AST contract changed."}
{"Site":"transform.go/classifyParameter/2","Sample":"synthetic","Outcome":"generic","Message":"The query could not be run as written.","Detail":"A positional parameter has no unambiguous grammar key.\nThe query was not executed.\nUpdate dtctl if the server AST contract changed."}
{"Site":"transform.go/classifyParameter/1","Sample":"replay internal","Outcome":"generic","Message":"The query could not be run as written.","Detail":"A parameter has multiple positioned keys.\nThe query was not executed.\nUpdate dtctl if the server AST contract changed."}
{"Site":"transform.go/classifyParameter/2","Sample":"replay internal","Outcome":"generic","Message":"The query could not be run as written.","Detail":"A positional parameter has no unambiguous grammar key.\nThe query was not executed.\nUpdate dtctl if the server AST contract changed."}
{"Site":"transform.go/classifyParameter/1","Sample":"2026-06-14T10:00:00Z","Outcome":"generic","Message":"The query could not be run as written.","Detail":"A parameter has multiple positioned keys.\nThe query was not executed.\nUpdate dtctl if the server AST contract changed."}
{"Site":"transform.go/classifyParameter/2","Sample":"2026-06-14T10:00:00Z","Outcome":"generic","Message":"The query could not be run as written.","Detail":"A positional parameter has no unambiguous grammar key.\nThe query was not executed.\nUpdate dtctl if the server AST contract changed."}
{"Site":"transform.go/validateExecutionBlockOwners/1","Sample":"synthetic","Outcome":"guidance","Message":"The query uses an unsupported element: execution block. Use the tested append, join, or lookup form.","Detail":"A nested execution block is not owned by an approved source-bearing command.\nThe query was not executed.\nUse the tested append, join, or lookup form."}
{"Site":"transform.go/validateExecutionBlockOwners/1","Sample":"replay internal","Outcome":"guidance","Message":"The query uses an unsupported element: execution block. Use the tested append, join, or lookup form.","Detail":"A nested execution block is not owned by an approved source-bearing command.\nThe query was not executed.\nUse the tested append, join, or lookup form."}
{"Site":"transform.go/validateExecutionBlockOwners/1","Sample":"2026-06-14T10:00:00Z","Outcome":"guidance","Message":"The query uses an unsupported element: execution block. Use the tested append, join, or lookup form.","Detail":"A nested execution block is not owned by an approved source-bearing command.\nThe query was not executed.\nUse the tested append, join, or lookup form."}
{"Site":"transform.go/validateSemanticPlacements/1","Sample":"synthetic","Outcome":"generic","Message":"The query could not be run as written.","Detail":"The known AST role synthetic appears under unexpected parent synthetic at synthetic.\nThe query was not executed.\nUpdate dtctl if the server AST placement contract changed."}
{"Site":"transform.go/validateSemanticPlacements/2","Sample":"synthetic","Outcome":"generic","Message":"The query could not be run as written.","Detail":"A Smartscape token appears outside a topology command parameter.\nThe query was not executed.\nUpdate dtctl if the server AST placement contract changed."}
{"Site":"transform.go/validateSemanticPlacements/3","Sample":"synthetic","Outcome":"generic","Message":"The query could not be run as written.","Detail":"A data object appears outside an observed source-owning command.\nThe query was not executed.\nRemove the unclassified source-selection form."}
{"Site":"transform.go/validateSemanticPlacements/4","Sample":"synthetic","Outcome":"generic","Message":"The query could not be run as written.","Detail":"A metric source token appears outside a timeseries command.\nThe query was not executed.\nRemove the unclassified metric-source form."}
{"Site":"transform.go/validateSemanticPlacements/5","Sample":"synthetic","Outcome":"generic","Message":"The query could not be run as written.","Detail":"A parse pattern appears outside the parse command.\nThe query was not executed.\nRemove the unclassified parse-pattern form."}
{"Site":"transform.go/validateSemanticPlacements/1","Sample":"replay internal","Outcome":"generic","Message":"The query could not be run as written.","Detail":"The known AST role replay internal appears under unexpected parent replay internal at replay internal.\nThe query was not executed.\nUpdate dtctl if the server AST placement contract changed."}
{"Site":"transform.go/validateSemanticPlacements/2","Sample":"replay internal","Outcome":"generic","Message":"The query could not be run as written.","Detail":"A Smartscape token appears outside a topology command parameter.\nThe query was not executed.\nUpdate dtctl if the server AST placement contract changed."}
{"Site":"transform.go/validateSemanticPlacements/3","Sample":"replay internal","Outcome":"generic","Message":"The query could not be run as written.","Detail":"A data object appears outside an observed source-owning command.\nThe query was not executed.\nRemove the unclassified source-selection form."}
{"Site":"transform.go/validateSemanticPlacements/4","Sample":"replay internal","Outcome":"generic","Message":"The query could not be run as written.","Detail":"A metric source token appears outside a timeseries command.\nThe query was not executed.\nRemove the unclassified metric-source form."}
{"Site":"transform.go/validateSemanticPlacements/5","Sample":"replay internal","Outcome":"generic","Message":"The query could not be run as written.","Detail":"A parse pattern appears outside the parse command.\nThe query was not executed.\nRemove the unclassified parse-pattern form."}
{"Site":"transform.go/validateSemanticPlacements/1","Sample":"2026-06-14T10:00:00Z","Outcome":"generic","Message":"The query could not be run as written.","Detail":"The known AST role 2026-06-14T10:00:00Z appears under unexpected parent 2026-06-14T10:00:00Z at 2026-06-14T10:00:00Z.\nThe query was not executed.\nUpdate dtctl if the server AST placement contract changed."}
{"Site":"transform.go/validateSemanticPlacements/2","Sample":"2026-06-14T10:00:00Z","Outcome":"generic","Message":"The query could not be run as written.","Detail":"A Smartscape token appears outside a topology command parameter.\nThe query was not executed.\nUpdate dtctl if the server AST placement contract changed."}
{"Site":"transform.go/validateSemanticPlacements/3","Sample":"2026-06-14T10:00:00Z","Outcome":"generic","Message":"The query could not be run as written.","Detail":"A data object appears outside an observed source-owning command.\nThe query was not executed.\nRemove the unclassified source-selection form."}
{"Site":"transform.go/validateSemanticPlacements/4","Sample":"2026-06-14T10:00:00Z","Outcome":"generic","Message":"The query could not be run as written.","Detail":"A metric source token appears outside a timeseries command.\nThe query was not executed.\nRemove the unclassified metric-source form."}
{"Site":"transform.go/validateSemanticPlacements/5","Sample":"2026-06-14T10:00:00Z","Outcome":"generic","Message":"The query could not be run as written.","Detail":"A parse pattern appears outside the parse command.\nThe query was not executed.\nRemove the unclassified parse-pattern form."}
{"Site":"transform.go/compileSource/1","Sample":"synthetic","Outcome":"generic","Message":"The query could not be run as written.","Detail":"Topology requires an effective window of at least 60 seconds; computed [synthetic, synthetic).\nThe query was not executed.\nRequest a window whose intersection with the visible replay interval is at least 60 seconds."}
{"Site":"transform.go/compileSource/2","Sample":"synthetic","Outcome":"guidance","Message":"No data can be returned for the requested timeframe.","Detail":"The intersected source timeframe is only one nanosecond wide.\nThe query was not executed.\nUse a wider requested range or advance virtual time before retrying."}
{"Site":"transform.go/compileSource/3","Sample":"synthetic","Outcome":"generic","Message":"The query could not be run as written.","Detail":"An eligible Davis problems view reached compilation without an explicit mapping mode.\nThe query was not executed.\nUse execution or probe-free inspection mode."}
{"Site":"transform.go/compileSource/1","Sample":"replay internal","Outcome":"generic","Message":"The query could not be run as written.","Detail":"Topology requires an effective window of at least 60 seconds; computed [replay internal, replay internal).\nThe query was not executed.\nRequest a window whose intersection with the visible replay interval is at least 60 seconds."}
{"Site":"transform.go/compileSource/2","Sample":"replay internal","Outcome":"guidance","Message":"No data can be returned for the requested timeframe.","Detail":"The intersected source timeframe is only one nanosecond wide.\nThe query was not executed.\nUse a wider requested range or advance virtual time before retrying."}
{"Site":"transform.go/compileSource/3","Sample":"replay internal","Outcome":"generic","Message":"The query could not be run as written.","Detail":"An eligible Davis problems view reached compilation without an explicit mapping mode.\nThe query was not executed.\nUse execution or probe-free inspection mode."}
{"Site":"transform.go/compileSource/1","Sample":"2026-06-14T10:00:00Z","Outcome":"generic","Message":"The query could not be run as written.","Detail":"Topology requires an effective window of at least 60 seconds; computed [2026-06-14T10:00:00Z, 2026-06-14T10:00:00Z).\nThe query was not executed.\nRequest a window whose intersection with the visible replay interval is at least 60 seconds."}
{"Site":"transform.go/compileSource/2","Sample":"2026-06-14T10:00:00Z","Outcome":"guidance","Message":"No data can be returned for the requested timeframe.","Detail":"The intersected source timeframe is only one nanosecond wide.\nThe query was not executed.\nUse a wider requested range or advance virtual time before retrying."}
{"Site":"transform.go/compileSource/3","Sample":"2026-06-14T10:00:00Z","Outcome":"generic","Message":"The query could not be run as written.","Detail":"An eligible Davis problems view reached compilation without an explicit mapping mode.\nThe query was not executed.\nUse execution or probe-free inspection mode."}
{"Site":"transform.go/sourceUsesFixedDayLiteral/1","Sample":"synthetic","Outcome":"generic","Message":"The query could not be run as written.","Detail":"A fixed 24-hour metric has no unambiguous interval parameter.\nThe query was not executed.\nUpdate dtctl if the metric AST contract changed."}
{"Site":"transform.go/sourceUsesFixedDayLiteral/2","Sample":"synthetic","Outcome":"generic","Message":"The query could not be run as written.","Detail":"A fixed 24-hour metric interval has no usable source span.\nThe query was not executed.\nUpdate dtctl if the position contract changed."}
{"Site":"transform.go/sourceUsesFixedDayLiteral/1","Sample":"replay internal","Outcome":"generic","Message":"The query could not be run as written.","Detail":"A fixed 24-hour metric has no unambiguous interval parameter.\nThe query was not executed.\nUpdate dtctl if the metric AST contract changed."}
{"Site":"transform.go/sourceUsesFixedDayLiteral/2","Sample":"replay internal","Outcome":"generic","Message":"The query could not be run as written.","Detail":"A fixed 24-hour metric interval has no usable source span.\nThe query was not executed.\nUpdate dtctl if the position contract changed."}
{"Site":"transform.go/sourceUsesFixedDayLiteral/1","Sample":"2026-06-14T10:00:00Z","Outcome":"generic","Message":"The query could not be run as written.","Detail":"A fixed 24-hour metric has no unambiguous interval parameter.\nThe query was not executed.\nUpdate dtctl if the metric AST contract changed."}
{"Site":"transform.go/sourceUsesFixedDayLiteral/2","Sample":"2026-06-14T10:00:00Z","Outcome":"generic","Message":"The query could not be run as written.","Detail":"A fixed 24-hour metric interval has no usable source span.\nThe query was not executed.\nUpdate dtctl if the position contract changed."}
